// Jest Snapshot v1, https://goo.gl/fbAQLP

exports[`Pruebas componente <AddCategory/> Debe mostrar el componente correctamente 1`] = `
<form
  onSubmit={[Function]}
>
  <input
    onChange={[Function]}
    type="text"
    value=""
  />
  <p />
</form>
`;
