// Jest Snapshot v1, https://goo.gl/fbAQLP

exports[`Pruebas del <GifGrid/> Debe mostrar el componente correctamente  1`] = `
<Fragment>
  <h3
    className="animate__animated animate__fadeIn"
  >
    Dogs
  </h3>
  <p
    className="animate__animated animate__flash"
  >
    Loading...
  </p>
  <div
    className="card-grid"
  />
</Fragment>
`;

exports[`Pruebas del componente <GifGrid/> Debe mostrar el componente correctamente  1`] = `
<Fragment>
  <h3
    className="animate__animated animate__fadeIn"
  >
    Dogs
  </h3>
  <p
    className="animate__animated animate__flash"
  >
    Loading...
  </p>
  <div
    className="card-grid"
  />
</Fragment>
`;
