// Jest Snapshot v1, https://goo.gl/fbAQLP

exports[`Pruebas componente <GifGridItem/> Debe mostrar el componente correctamente  1`] = `
<div
  className="card animate__animated animate__fadeIn"
>
  <img
    alt="Titulo test"
    src="https://test/image.jpg"
  />
  <p>
    Titulo test
  </p>
</div>
`;
